// Vitest Snapshot v1

exports[`BaseButton.vue > should render 1`] = `"<button class=\\"border border-2 text-center px-4 py-2 text-blue-primary border-blue-primary dark:border-purple-dark dark:text-purple-dark\\">any text</button>"`;
